===== System Snapshot: 2025-10-17 00:40:29 =====
--- Uptime ---
 00:40:29 up  1:08,  4 users,  load average: 0.37, 0.54, 0.46

--- Memory (free -h) ---
               total        used        free      shared  buff/cache   available
Mem:           3.3Gi       2.1Gi       120Mi        56Mi       1.2Gi       1.2Gi
Swap:          3.8Gi        92Mi       3.7Gi

--- Disk usage (df -h) ---
Filesystem      Size  Used Avail Use% Mounted on
tmpfs           341M  1.9M  339M   1% /run
/dev/sda2        25G   11G   14G  44% /
tmpfs           1.7G     0  1.7G   0% /dev/shm
tmpfs           5.0M  8.0K  5.0M   1% /run/lock
tmpfs           1.0M     0  1.0M   0% /run/credentials/systemd-journald.service
tmpfs           1.0M     0  1.0M   0% /run/credentials/systemd-resolved.service
tmpfs           1.7G  5.2M  1.7G   1% /tmp
tmpfs           341M  144K  341M   1% /run/user/1000
tmpfs           341M   76K  341M   1% /run/user/1003

===== System Snapshot: 2025-10-17 00:40:37 =====
--- Uptime ---
 00:40:37 up  1:08,  4 users,  load average: 0.34, 0.54, 0.46

--- Memory (free -h) ---
               total        used        free      shared  buff/cache   available
Mem:           3.3Gi       2.1Gi       120Mi        56Mi       1.2Gi       1.2Gi
Swap:          3.8Gi        92Mi       3.7Gi

--- Disk usage (df -h) ---
Filesystem      Size  Used Avail Use% Mounted on
tmpfs           341M  1.9M  339M   1% /run
/dev/sda2        25G   11G   14G  44% /
tmpfs           1.7G     0  1.7G   0% /dev/shm
tmpfs           5.0M  8.0K  5.0M   1% /run/lock
tmpfs           1.0M     0  1.0M   0% /run/credentials/systemd-journald.service
tmpfs           1.0M     0  1.0M   0% /run/credentials/systemd-resolved.service
tmpfs           1.7G  5.2M  1.7G   1% /tmp
tmpfs           341M  144K  341M   1% /run/user/1000
tmpfs           341M   76K  341M   1% /run/user/1003

===== System Snapshot: 2025-10-17 00:45:01 =====
--- Uptime ---
 00:45:01 up  1:12,  4 users,  load average: 0.46, 0.60, 0.50

--- Memory (free -h) ---
               total        used        free      shared  buff/cache   available
Mem:           3.3Gi       2.1Gi       307Mi        60Mi       965Mi       1.2Gi
Swap:          3.8Gi        97Mi       3.7Gi

--- Disk usage (df -h) ---
Filesystem      Size  Used Avail Use% Mounted on
tmpfs           341M  1.9M  339M   1% /run
/dev/sda2        25G   11G   14G  44% /
tmpfs           1.7G     0  1.7G   0% /dev/shm
tmpfs           5.0M  8.0K  5.0M   1% /run/lock
tmpfs           1.0M     0  1.0M   0% /run/credentials/systemd-journald.service
tmpfs           1.0M     0  1.0M   0% /run/credentials/systemd-resolved.service
tmpfs           1.7G  5.2M  1.7G   1% /tmp
tmpfs           341M  144K  341M   1% /run/user/1000
tmpfs           341M   76K  341M   1% /run/user/1003

===== System Snapshot: 2025-10-17 00:46:01 =====
--- Uptime ---
 00:46:01 up  1:13,  4 users,  load average: 0.37, 0.57, 0.50

--- Memory (free -h) ---
               total        used        free      shared  buff/cache   available
Mem:           3.3Gi       2.0Gi       361Mi        60Mi       966Mi       1.3Gi
Swap:          3.8Gi        97Mi       3.7Gi

--- Disk usage (df -h) ---
Filesystem      Size  Used Avail Use% Mounted on
tmpfs           341M  1.9M  339M   1% /run
/dev/sda2        25G   11G   14G  44% /
tmpfs           1.7G     0  1.7G   0% /dev/shm
tmpfs           5.0M  8.0K  5.0M   1% /run/lock
tmpfs           1.0M     0  1.0M   0% /run/credentials/systemd-journald.service
tmpfs           1.0M     0  1.0M   0% /run/credentials/systemd-resolved.service
tmpfs           1.7G  5.2M  1.7G   1% /tmp
tmpfs           341M  144K  341M   1% /run/user/1000
tmpfs           341M   76K  341M   1% /run/user/1003

===== System Snapshot: 2025-10-17 00:47:01 =====
--- Uptime ---
 00:47:01 up  1:14,  4 users,  load average: 1.09, 0.67, 0.53

--- Memory (free -h) ---
               total        used        free      shared  buff/cache   available
Mem:           3.3Gi       2.3Gi       108Mi        60Mi       978Mi       1.0Gi
Swap:          3.8Gi        97Mi       3.7Gi

--- Disk usage (df -h) ---
Filesystem      Size  Used Avail Use% Mounted on
tmpfs           341M  1.9M  339M   1% /run
/dev/sda2        25G   11G   14G  44% /
tmpfs           1.7G     0  1.7G   0% /dev/shm
tmpfs           5.0M  8.0K  5.0M   1% /run/lock
tmpfs           1.0M     0  1.0M   0% /run/credentials/systemd-journald.service
tmpfs           1.0M     0  1.0M   0% /run/credentials/systemd-resolved.service
tmpfs           1.7G  5.2M  1.7G   1% /tmp
tmpfs           341M  144K  341M   1% /run/user/1000
tmpfs           341M   76K  341M   1% /run/user/1003

===== System Snapshot: 2025-10-17 00:48:01 =====
--- Uptime ---
 00:48:01 up  1:15,  4 users,  load average: 0.50, 0.58, 0.51

--- Memory (free -h) ---
               total        used        free      shared  buff/cache   available
Mem:           3.3Gi       2.1Gi       319Mi        60Mi       877Mi       1.2Gi
Swap:          3.8Gi       105Mi       3.7Gi

--- Disk usage (df -h) ---
Filesystem      Size  Used Avail Use% Mounted on
tmpfs           341M  1.9M  339M   1% /run
/dev/sda2        25G   11G   14G  44% /
tmpfs           1.7G     0  1.7G   0% /dev/shm
tmpfs           5.0M  8.0K  5.0M   1% /run/lock
tmpfs           1.0M     0  1.0M   0% /run/credentials/systemd-journald.service
tmpfs           1.0M     0  1.0M   0% /run/credentials/systemd-resolved.service
tmpfs           1.7G  5.2M  1.7G   1% /tmp
tmpfs           341M  144K  341M   1% /run/user/1000
tmpfs           341M   76K  341M   1% /run/user/1003

===== System Snapshot: 2025-10-17 00:49:01 =====
--- Uptime ---
 00:49:01 up  1:16,  4 users,  load average: 0.34, 0.54, 0.50

--- Memory (free -h) ---
               total        used        free      shared  buff/cache   available
Mem:           3.3Gi       2.1Gi       339Mi        60Mi       877Mi       1.2Gi
Swap:          3.8Gi       105Mi       3.7Gi

--- Disk usage (df -h) ---
Filesystem      Size  Used Avail Use% Mounted on
tmpfs           341M  1.9M  339M   1% /run
/dev/sda2        25G   11G   14G  44% /
tmpfs           1.7G     0  1.7G   0% /dev/shm
tmpfs           5.0M  8.0K  5.0M   1% /run/lock
tmpfs           1.0M     0  1.0M   0% /run/credentials/systemd-journald.service
tmpfs           1.0M     0  1.0M   0% /run/credentials/systemd-resolved.service
tmpfs           1.7G  5.2M  1.7G   1% /tmp
tmpfs           341M  144K  341M   1% /run/user/1000
tmpfs           341M   76K  341M   1% /run/user/1003

===== System Snapshot: 2025-10-17 00:50:01 =====
--- Uptime ---
 00:50:01 up  1:17,  4 users,  load average: 0.12, 0.44, 0.47

--- Memory (free -h) ---
               total        used        free      shared  buff/cache   available
Mem:           3.3Gi       2.1Gi       338Mi        60Mi       878Mi       1.2Gi
Swap:          3.8Gi       105Mi       3.7Gi

--- Disk usage (df -h) ---
Filesystem      Size  Used Avail Use% Mounted on
tmpfs           341M  1.9M  339M   1% /run
/dev/sda2        25G   11G   14G  44% /
tmpfs           1.7G     0  1.7G   0% /dev/shm
tmpfs           5.0M  8.0K  5.0M   1% /run/lock
tmpfs           1.0M     0  1.0M   0% /run/credentials/systemd-journald.service
tmpfs           1.0M     0  1.0M   0% /run/credentials/systemd-resolved.service
tmpfs           1.7G  5.2M  1.7G   1% /tmp
tmpfs           341M  144K  341M   1% /run/user/1000
tmpfs           341M   76K  341M   1% /run/user/1003

===== System Snapshot: 2025-10-17 00:51:01 =====
--- Uptime ---
 00:51:01 up  1:18,  4 users,  load average: 0.11, 0.37, 0.44

--- Memory (free -h) ---
               total        used        free      shared  buff/cache   available
Mem:           3.3Gi       2.1Gi       330Mi        60Mi       879Mi       1.2Gi
Swap:          3.8Gi       105Mi       3.7Gi

--- Disk usage (df -h) ---
Filesystem      Size  Used Avail Use% Mounted on
tmpfs           341M  1.9M  339M   1% /run
/dev/sda2        25G   11G   14G  44% /
tmpfs           1.7G     0  1.7G   0% /dev/shm
tmpfs           5.0M  8.0K  5.0M   1% /run/lock
tmpfs           1.0M     0  1.0M   0% /run/credentials/systemd-journald.service
tmpfs           1.0M     0  1.0M   0% /run/credentials/systemd-resolved.service
tmpfs           1.7G  5.2M  1.7G   1% /tmp
tmpfs           341M  144K  341M   1% /run/user/1000
tmpfs           341M   76K  341M   1% /run/user/1003

===== System Snapshot: 2025-10-17 00:52:01 =====
--- Uptime ---
 00:52:01 up  1:19,  4 users,  load average: 0.04, 0.30, 0.41

--- Memory (free -h) ---
               total        used        free      shared  buff/cache   available
Mem:           3.3Gi       2.1Gi       326Mi        60Mi       879Mi       1.2Gi
Swap:          3.8Gi       105Mi       3.7Gi

--- Disk usage (df -h) ---
Filesystem      Size  Used Avail Use% Mounted on
tmpfs           341M  1.9M  339M   1% /run
/dev/sda2        25G   11G   14G  44% /
tmpfs           1.7G     0  1.7G   0% /dev/shm
tmpfs           5.0M  8.0K  5.0M   1% /run/lock
tmpfs           1.0M     0  1.0M   0% /run/credentials/systemd-journald.service
tmpfs           1.0M     0  1.0M   0% /run/credentials/systemd-resolved.service
tmpfs           1.7G  5.2M  1.7G   1% /tmp
tmpfs           341M  144K  341M   1% /run/user/1000
tmpfs           341M   76K  341M   1% /run/user/1003

===== System Snapshot: 2025-10-17 00:53:24 =====
--- Uptime ---
 00:53:24 up  1:20,  4 users,  load average: 0.01, 0.24, 0.38

--- Memory (free -h) ---
               total        used        free      shared  buff/cache   available
Mem:           3.3Gi       2.1Gi       326Mi        60Mi       879Mi       1.2Gi
Swap:          3.8Gi       105Mi       3.7Gi

--- Disk usage (df -h) ---
Filesystem      Size  Used Avail Use% Mounted on
tmpfs           341M  1.9M  339M   1% /run
/dev/sda2        25G   11G   14G  44% /
tmpfs           1.7G     0  1.7G   0% /dev/shm
tmpfs           5.0M  8.0K  5.0M   1% /run/lock
tmpfs           1.0M     0  1.0M   0% /run/credentials/systemd-journald.service
tmpfs           1.0M     0  1.0M   0% /run/credentials/systemd-resolved.service
tmpfs           1.7G  5.2M  1.7G   1% /tmp
tmpfs           341M  144K  341M   1% /run/user/1000
tmpfs           341M   76K  341M   1% /run/user/1003

===== System Snapshot: 2025-10-17 00:54:01 =====
--- Uptime ---
 00:54:01 up  1:21,  4 users,  load average: 0.00, 0.22, 0.37

--- Memory (free -h) ---
               total        used        free      shared  buff/cache   available
Mem:           3.3Gi       2.1Gi       326Mi        60Mi       879Mi       1.2Gi
Swap:          3.8Gi       105Mi       3.7Gi

--- Disk usage (df -h) ---
Filesystem      Size  Used Avail Use% Mounted on
tmpfs           341M  1.9M  339M   1% /run
/dev/sda2        25G   11G   14G  44% /
tmpfs           1.7G     0  1.7G   0% /dev/shm
tmpfs           5.0M  8.0K  5.0M   1% /run/lock
tmpfs           1.0M     0  1.0M   0% /run/credentials/systemd-journald.service
tmpfs           1.0M     0  1.0M   0% /run/credentials/systemd-resolved.service
tmpfs           1.7G  5.2M  1.7G   1% /tmp
tmpfs           341M  144K  341M   1% /run/user/1000
tmpfs           341M   76K  341M   1% /run/user/1003

===== System Snapshot: 2025-10-17 00:55:01 =====
--- Uptime ---
 00:55:01 up  1:22,  4 users,  load average: 0.00, 0.17, 0.34

--- Memory (free -h) ---
               total        used        free      shared  buff/cache   available
Mem:           3.3Gi       2.1Gi       331Mi        60Mi       885Mi       1.2Gi
Swap:          3.8Gi       105Mi       3.7Gi

--- Disk usage (df -h) ---
Filesystem      Size  Used Avail Use% Mounted on
tmpfs           341M  1.9M  339M   1% /run
/dev/sda2        25G   11G   14G  44% /
tmpfs           1.7G     0  1.7G   0% /dev/shm
tmpfs           5.0M  8.0K  5.0M   1% /run/lock
tmpfs           1.0M     0  1.0M   0% /run/credentials/systemd-journald.service
tmpfs           1.0M     0  1.0M   0% /run/credentials/systemd-resolved.service
tmpfs           1.7G  5.2M  1.7G   1% /tmp
tmpfs           341M  148K  341M   1% /run/user/1000
tmpfs           341M   76K  341M   1% /run/user/1003

===== System Snapshot: 2025-10-17 00:56:01 =====
--- Uptime ---
 00:56:01 up  1:23,  4 users,  load average: 0.09, 0.18, 0.33

--- Memory (free -h) ---
               total        used        free      shared  buff/cache   available
Mem:           3.3Gi       2.1Gi       338Mi        50Mi       892Mi       1.2Gi
Swap:          3.8Gi       104Mi       3.7Gi

--- Disk usage (df -h) ---
Filesystem      Size  Used Avail Use% Mounted on
tmpfs           341M  1.9M  339M   1% /run
/dev/sda2        25G   11G   14G  44% /
tmpfs           1.7G     0  1.7G   0% /dev/shm
tmpfs           5.0M  8.0K  5.0M   1% /run/lock
tmpfs           1.0M     0  1.0M   0% /run/credentials/systemd-journald.service
tmpfs           1.0M     0  1.0M   0% /run/credentials/systemd-resolved.service
tmpfs           1.7G  5.2M  1.7G   1% /tmp
tmpfs           341M  148K  341M   1% /run/user/1000
tmpfs           341M   76K  341M   1% /run/user/1003

===== System Snapshot: 2025-10-17 00:57:01 =====
--- Uptime ---
 00:57:02 up  1:24,  4 users,  load average: 0.19, 0.18, 0.32

--- Memory (free -h) ---
               total        used        free      shared  buff/cache   available
Mem:           3.3Gi       2.1Gi       337Mi        50Mi       893Mi       1.2Gi
Swap:          3.8Gi       104Mi       3.7Gi

--- Disk usage (df -h) ---
Filesystem      Size  Used Avail Use% Mounted on
tmpfs           341M  1.9M  339M   1% /run
/dev/sda2        25G   11G   14G  44% /
tmpfs           1.7G     0  1.7G   0% /dev/shm
tmpfs           5.0M  8.0K  5.0M   1% /run/lock
tmpfs           1.0M     0  1.0M   0% /run/credentials/systemd-journald.service
tmpfs           1.0M     0  1.0M   0% /run/credentials/systemd-resolved.service
tmpfs           1.7G  5.2M  1.7G   1% /tmp
tmpfs           341M  148K  341M   1% /run/user/1000
tmpfs           341M   76K  341M   1% /run/user/1003

===== System Snapshot: 2025-10-17 00:58:01 =====
--- Uptime ---
 00:58:01 up  1:25,  4 users,  load average: 0.47, 0.26, 0.34

--- Memory (free -h) ---
               total        used        free      shared  buff/cache   available
Mem:           3.3Gi       2.1Gi       276Mi        54Mi       928Mi       1.2Gi
Swap:          3.8Gi       104Mi       3.7Gi

--- Disk usage (df -h) ---
Filesystem      Size  Used Avail Use% Mounted on
tmpfs           341M  1.9M  339M   1% /run
/dev/sda2        25G   11G   14G  44% /
tmpfs           1.7G     0  1.7G   0% /dev/shm
tmpfs           5.0M  8.0K  5.0M   1% /run/lock
tmpfs           1.0M     0  1.0M   0% /run/credentials/systemd-journald.service
tmpfs           1.0M     0  1.0M   0% /run/credentials/systemd-resolved.service
tmpfs           1.7G  5.2M  1.7G   1% /tmp
tmpfs           341M  152K  341M   1% /run/user/1000
tmpfs           341M   76K  341M   1% /run/user/1003

===== System Snapshot: 2025-10-17 00:59:01 =====
--- Uptime ---
 00:59:01 up  1:26,  4 users,  load average: 0.17, 0.21, 0.32

--- Memory (free -h) ---
               total        used        free      shared  buff/cache   available
Mem:           3.3Gi       2.1Gi       276Mi        54Mi       927Mi       1.2Gi
Swap:          3.8Gi       104Mi       3.7Gi

--- Disk usage (df -h) ---
Filesystem      Size  Used Avail Use% Mounted on
tmpfs           341M  1.9M  339M   1% /run
/dev/sda2        25G   11G   14G  44% /
tmpfs           1.7G     0  1.7G   0% /dev/shm
tmpfs           5.0M  8.0K  5.0M   1% /run/lock
tmpfs           1.0M     0  1.0M   0% /run/credentials/systemd-journald.service
tmpfs           1.0M     0  1.0M   0% /run/credentials/systemd-resolved.service
tmpfs           1.7G  5.2M  1.7G   1% /tmp
tmpfs           341M  152K  341M   1% /run/user/1000
tmpfs           341M   76K  341M   1% /run/user/1003

===== System Snapshot: 2025-10-17 00:59:35 =====
--- Uptime ---
 00:59:35 up  1:26,  4 users,  load average: 0.09, 0.19, 0.31

--- Memory (free -h) ---
               total        used        free      shared  buff/cache   available
Mem:           3.3Gi       2.1Gi       276Mi        54Mi       927Mi       1.2Gi
Swap:          3.8Gi       104Mi       3.7Gi

--- Disk usage (df -h) ---
Filesystem      Size  Used Avail Use% Mounted on
tmpfs           341M  1.9M  339M   1% /run
/dev/sda2        25G   11G   14G  44% /
tmpfs           1.7G     0  1.7G   0% /dev/shm
tmpfs           5.0M  8.0K  5.0M   1% /run/lock
tmpfs           1.0M     0  1.0M   0% /run/credentials/systemd-journald.service
tmpfs           1.0M     0  1.0M   0% /run/credentials/systemd-resolved.service
tmpfs           1.7G  5.2M  1.7G   1% /tmp
tmpfs           341M  152K  341M   1% /run/user/1000
tmpfs           341M   76K  341M   1% /run/user/1003

===== System Snapshot: 2025-10-17 01:00:01 =====
--- Uptime ---
 01:00:01 up  1:27,  4 users,  load average: 0.06, 0.17, 0.30

--- Memory (free -h) ---
               total        used        free      shared  buff/cache   available
Mem:           3.3Gi       2.1Gi       276Mi        54Mi       928Mi       1.2Gi
Swap:          3.8Gi       104Mi       3.7Gi

--- Disk usage (df -h) ---
Filesystem      Size  Used Avail Use% Mounted on
tmpfs           341M  1.9M  339M   1% /run
/dev/sda2        25G   11G   14G  44% /
tmpfs           1.7G     0  1.7G   0% /dev/shm
tmpfs           5.0M  8.0K  5.0M   1% /run/lock
tmpfs           1.0M     0  1.0M   0% /run/credentials/systemd-journald.service
tmpfs           1.0M     0  1.0M   0% /run/credentials/systemd-resolved.service
tmpfs           1.7G  5.2M  1.7G   1% /tmp
tmpfs           341M  152K  341M   1% /run/user/1000
tmpfs           341M   76K  341M   1% /run/user/1003

===== System Snapshot: 2025-10-17 01:01:01 =====
--- Uptime ---
 01:01:01 up  1:28,  4 users,  load average: 1.61, 0.52, 0.40

--- Memory (free -h) ---
               total        used        free      shared  buff/cache   available
Mem:           3.3Gi       2.3Gi       180Mi        57Mi       793Mi       1.0Gi
Swap:          3.8Gi       125Mi       3.7Gi

--- Disk usage (df -h) ---
Filesystem      Size  Used Avail Use% Mounted on
tmpfs           341M  1.9M  339M   1% /run
/dev/sda2        25G   11G   13G  44% /
tmpfs           1.7G     0  1.7G   0% /dev/shm
tmpfs           5.0M  8.0K  5.0M   1% /run/lock
tmpfs           1.0M     0  1.0M   0% /run/credentials/systemd-journald.service
tmpfs           1.0M     0  1.0M   0% /run/credentials/systemd-resolved.service
tmpfs           1.7G  5.2M  1.7G   1% /tmp
tmpfs           341M  152K  341M   1% /run/user/1000
tmpfs           341M   76K  341M   1% /run/user/1003

===== System Snapshot: 2025-10-17 01:02:01 =====
--- Uptime ---
 01:02:01 up  1:29,  4 users,  load average: 1.79, 0.79, 0.50

--- Memory (free -h) ---
               total        used        free      shared  buff/cache   available
Mem:           3.3Gi       2.2Gi       272Mi        57Mi       738Mi       1.1Gi
Swap:          3.8Gi       140Mi       3.7Gi

--- Disk usage (df -h) ---
Filesystem      Size  Used Avail Use% Mounted on
tmpfs           341M  1.9M  339M   1% /run
/dev/sda2        25G   11G   13G  45% /
tmpfs           1.7G     0  1.7G   0% /dev/shm
tmpfs           5.0M  8.0K  5.0M   1% /run/lock
tmpfs           1.0M     0  1.0M   0% /run/credentials/systemd-journald.service
tmpfs           1.0M     0  1.0M   0% /run/credentials/systemd-resolved.service
tmpfs           1.7G  5.2M  1.7G   1% /tmp
tmpfs           341M  152K  341M   1% /run/user/1000
tmpfs           341M   76K  341M   1% /run/user/1003

===== System Snapshot: 2025-10-17 01:03:01 =====
--- Uptime ---
 01:03:01 up  1:30,  4 users,  load average: 0.92, 0.74, 0.51

--- Memory (free -h) ---
               total        used        free      shared  buff/cache   available
Mem:           3.3Gi       2.2Gi       294Mi        57Mi       739Mi       1.1Gi
Swap:          3.8Gi       140Mi       3.7Gi

--- Disk usage (df -h) ---
Filesystem      Size  Used Avail Use% Mounted on
tmpfs           341M  1.9M  339M   1% /run
/dev/sda2        25G   11G   13G  45% /
tmpfs           1.7G     0  1.7G   0% /dev/shm
tmpfs           5.0M  8.0K  5.0M   1% /run/lock
tmpfs           1.0M     0  1.0M   0% /run/credentials/systemd-journald.service
tmpfs           1.0M     0  1.0M   0% /run/credentials/systemd-resolved.service
tmpfs           1.7G  5.2M  1.7G   1% /tmp
tmpfs           341M  152K  341M   1% /run/user/1000
tmpfs           341M   76K  341M   1% /run/user/1003

===== System Snapshot: 2025-10-17 01:04:01 =====
--- Uptime ---
 01:04:01 up  1:31,  4 users,  load average: 1.22, 0.92, 0.59

--- Memory (free -h) ---
               total        used        free      shared  buff/cache   available
Mem:           3.3Gi       2.2Gi       269Mi        56Mi       745Mi       1.1Gi
Swap:          3.8Gi       140Mi       3.7Gi

--- Disk usage (df -h) ---
Filesystem      Size  Used Avail Use% Mounted on
tmpfs           341M  1.9M  339M   1% /run
/dev/sda2        25G   11G   13G  45% /
tmpfs           1.7G     0  1.7G   0% /dev/shm
tmpfs           5.0M  8.0K  5.0M   1% /run/lock
tmpfs           1.0M     0  1.0M   0% /run/credentials/systemd-journald.service
tmpfs           1.0M     0  1.0M   0% /run/credentials/systemd-resolved.service
tmpfs           1.7G  5.2M  1.7G   1% /tmp
tmpfs           341M  152K  341M   1% /run/user/1000
tmpfs           341M   76K  341M   1% /run/user/1003

===== System Snapshot: 2025-10-17 01:05:01 =====
--- Uptime ---
 01:05:01 up  1:32,  4 users,  load average: 1.97, 1.23, 0.72

--- Memory (free -h) ---
               total        used        free      shared  buff/cache   available
Mem:           3.3Gi       2.2Gi       226Mi        56Mi       755Mi       1.1Gi
Swap:          3.8Gi       140Mi       3.7Gi

--- Disk usage (df -h) ---
Filesystem      Size  Used Avail Use% Mounted on
tmpfs           341M  1.9M  339M   1% /run
/dev/sda2        25G   11G   13G  45% /
tmpfs           1.7G     0  1.7G   0% /dev/shm
tmpfs           5.0M  8.0K  5.0M   1% /run/lock
tmpfs           1.0M     0  1.0M   0% /run/credentials/systemd-journald.service
tmpfs           1.0M     0  1.0M   0% /run/credentials/systemd-resolved.service
tmpfs           1.7G  5.2M  1.7G   1% /tmp
tmpfs           341M  152K  341M   1% /run/user/1000
tmpfs           341M   76K  341M   1% /run/user/1003

===== System Snapshot: 2025-10-17 01:06:01 =====
--- Uptime ---
 01:06:01 up  1:33,  4 users,  load average: 1.47, 1.17, 0.72

--- Memory (free -h) ---
               total        used        free      shared  buff/cache   available
Mem:           3.3Gi       2.2Gi       114Mi        53Mi       1.0Gi       1.2Gi
Swap:          3.8Gi       208Mi       3.6Gi

--- Disk usage (df -h) ---
Filesystem      Size  Used Avail Use% Mounted on
tmpfs           341M  1.9M  339M   1% /run
/dev/sda2        25G   11G   13G  45% /
tmpfs           1.7G     0  1.7G   0% /dev/shm
tmpfs           5.0M  8.0K  5.0M   1% /run/lock
tmpfs           1.0M     0  1.0M   0% /run/credentials/systemd-journald.service
tmpfs           1.0M     0  1.0M   0% /run/credentials/systemd-resolved.service
tmpfs           1.7G  5.2M  1.7G   1% /tmp
tmpfs           341M  152K  341M   1% /run/user/1000
tmpfs           341M   76K  341M   1% /run/user/1003

===== System Snapshot: 2025-10-17 01:07:01 =====
--- Uptime ---
 01:07:01 up  1:34,  4 users,  load average: 1.14, 1.20, 0.77

--- Memory (free -h) ---
               total        used        free      shared  buff/cache   available
Mem:           3.3Gi       2.0Gi       286Mi        44Mi       920Mi       1.4Gi
Swap:          3.8Gi       242Mi       3.6Gi

--- Disk usage (df -h) ---
Filesystem      Size  Used Avail Use% Mounted on
tmpfs           341M  1.9M  339M   1% /run
/dev/sda2        25G   11G   13G  45% /
tmpfs           1.7G     0  1.7G   0% /dev/shm
tmpfs           5.0M  8.0K  5.0M   1% /run/lock
tmpfs           1.0M     0  1.0M   0% /run/credentials/systemd-journald.service
tmpfs           1.0M     0  1.0M   0% /run/credentials/systemd-resolved.service
tmpfs           1.7G  5.2M  1.7G   1% /tmp
tmpfs           341M  152K  341M   1% /run/user/1000
tmpfs           341M   76K  341M   1% /run/user/1003

===== System Snapshot: 2025-10-17 01:08:01 =====
--- Uptime ---
 01:08:01 up  1:35,  4 users,  load average: 2.23, 1.50, 0.90

--- Memory (free -h) ---
               total        used        free      shared  buff/cache   available
Mem:           3.3Gi       1.9Gi       316Mi        37Mi       898Mi       1.4Gi
Swap:          3.8Gi       254Mi       3.6Gi

--- Disk usage (df -h) ---
Filesystem      Size  Used Avail Use% Mounted on
tmpfs           341M  1.9M  339M   1% /run
/dev/sda2        25G   11G   13G  45% /
tmpfs           1.7G     0  1.7G   0% /dev/shm
tmpfs           5.0M  8.0K  5.0M   1% /run/lock
tmpfs           1.0M     0  1.0M   0% /run/credentials/systemd-journald.service
tmpfs           1.0M     0  1.0M   0% /run/credentials/systemd-resolved.service
tmpfs           1.7G  5.2M  1.7G   1% /tmp
tmpfs           341M  152K  341M   1% /run/user/1000
tmpfs           341M   76K  341M   1% /run/user/1003

===== System Snapshot: 2025-10-17 01:09:01 =====
--- Uptime ---
 01:09:01 up  1:36,  4 users,  load average: 1.82, 1.57, 0.97

--- Memory (free -h) ---
               total        used        free      shared  buff/cache   available
Mem:           3.3Gi       1.9Gi       298Mi        37Mi       909Mi       1.4Gi
Swap:          3.8Gi       254Mi       3.6Gi

--- Disk usage (df -h) ---
Filesystem      Size  Used Avail Use% Mounted on
tmpfs           341M  1.9M  339M   1% /run
/dev/sda2        25G   11G   13G  45% /
tmpfs           1.7G     0  1.7G   0% /dev/shm
tmpfs           5.0M  8.0K  5.0M   1% /run/lock
tmpfs           1.0M     0  1.0M   0% /run/credentials/systemd-journald.service
tmpfs           1.0M     0  1.0M   0% /run/credentials/systemd-resolved.service
tmpfs           1.7G  5.2M  1.7G   1% /tmp
tmpfs           341M  152K  341M   1% /run/user/1000
tmpfs           341M   76K  341M   1% /run/user/1003

===== System Snapshot: 2025-10-17 01:10:01 =====
--- Uptime ---
 01:10:01 up  1:37,  4 users,  load average: 1.07, 1.37, 0.93

--- Memory (free -h) ---
               total        used        free      shared  buff/cache   available
Mem:           3.3Gi       1.9Gi       303Mi        38Mi       921Mi       1.4Gi
Swap:          3.8Gi       254Mi       3.6Gi

--- Disk usage (df -h) ---
Filesystem      Size  Used Avail Use% Mounted on
tmpfs           341M  1.9M  339M   1% /run
/dev/sda2        25G   11G   13G  45% /
tmpfs           1.7G     0  1.7G   0% /dev/shm
tmpfs           5.0M  8.0K  5.0M   1% /run/lock
tmpfs           1.0M     0  1.0M   0% /run/credentials/systemd-journald.service
tmpfs           1.0M     0  1.0M   0% /run/credentials/systemd-resolved.service
tmpfs           1.7G  5.2M  1.7G   1% /tmp
tmpfs           341M  152K  341M   1% /run/user/1000
tmpfs           341M   76K  341M   1% /run/user/1003

===== System Snapshot: 2025-10-17 01:11:01 =====
--- Uptime ---
 01:11:01 up  1:38,  4 users,  load average: 0.93, 1.27, 0.92

--- Memory (free -h) ---
               total        used        free      shared  buff/cache   available
Mem:           3.3Gi       1.9Gi       295Mi        39Mi       926Mi       1.4Gi
Swap:          3.8Gi       254Mi       3.6Gi

--- Disk usage (df -h) ---
Filesystem      Size  Used Avail Use% Mounted on
tmpfs           341M  1.9M  339M   1% /run
/dev/sda2        25G   11G   13G  45% /
tmpfs           1.7G     0  1.7G   0% /dev/shm
tmpfs           5.0M  8.0K  5.0M   1% /run/lock
tmpfs           1.0M     0  1.0M   0% /run/credentials/systemd-journald.service
tmpfs           1.0M     0  1.0M   0% /run/credentials/systemd-resolved.service
tmpfs           1.7G  5.2M  1.7G   1% /tmp
tmpfs           341M  152K  341M   1% /run/user/1000
tmpfs           341M   76K  341M   1% /run/user/1003

===== System Snapshot: 2025-10-17 01:12:01 =====
--- Uptime ---
 01:12:01 up  1:39,  4 users,  load average: 0.34, 1.04, 0.86

--- Memory (free -h) ---
               total        used        free      shared  buff/cache   available
Mem:           3.3Gi       1.9Gi       297Mi        38Mi       927Mi       1.4Gi
Swap:          3.8Gi       254Mi       3.6Gi

--- Disk usage (df -h) ---
Filesystem      Size  Used Avail Use% Mounted on
tmpfs           341M  1.9M  339M   1% /run
/dev/sda2        25G   11G   13G  45% /
tmpfs           1.7G     0  1.7G   0% /dev/shm
tmpfs           5.0M  8.0K  5.0M   1% /run/lock
tmpfs           1.0M     0  1.0M   0% /run/credentials/systemd-journald.service
tmpfs           1.0M     0  1.0M   0% /run/credentials/systemd-resolved.service
tmpfs           1.7G  5.2M  1.7G   1% /tmp
tmpfs           341M  152K  341M   1% /run/user/1000
tmpfs           341M   76K  341M   1% /run/user/1003

===== System Snapshot: 2025-10-17 01:13:01 =====
--- Uptime ---
 01:13:01 up  1:40,  4 users,  load average: 0.12, 0.84, 0.80

--- Memory (free -h) ---
               total        used        free      shared  buff/cache   available
Mem:           3.3Gi       1.9Gi       296Mi        38Mi       927Mi       1.4Gi
Swap:          3.8Gi       254Mi       3.6Gi

--- Disk usage (df -h) ---
Filesystem      Size  Used Avail Use% Mounted on
tmpfs           341M  1.9M  339M   1% /run
/dev/sda2        25G   11G   13G  45% /
tmpfs           1.7G     0  1.7G   0% /dev/shm
tmpfs           5.0M  8.0K  5.0M   1% /run/lock
tmpfs           1.0M     0  1.0M   0% /run/credentials/systemd-journald.service
tmpfs           1.0M     0  1.0M   0% /run/credentials/systemd-resolved.service
tmpfs           1.7G  5.2M  1.7G   1% /tmp
tmpfs           341M  152K  341M   1% /run/user/1000
tmpfs           341M   76K  341M   1% /run/user/1003

===== System Snapshot: 2025-10-17 01:14:01 =====
--- Uptime ---
 01:14:01 up  1:41,  4 users,  load average: 1.05, 0.98, 0.85

--- Memory (free -h) ---
               total        used        free      shared  buff/cache   available
Mem:           3.3Gi       1.9Gi       254Mi        38Mi       919Mi       1.4Gi
Swap:          3.8Gi       259Mi       3.6Gi

--- Disk usage (df -h) ---
Filesystem      Size  Used Avail Use% Mounted on
tmpfs           341M  1.9M  339M   1% /run
/dev/sda2        25G   11G   13G  45% /
tmpfs           1.7G     0  1.7G   0% /dev/shm
tmpfs           5.0M  8.0K  5.0M   1% /run/lock
tmpfs           1.0M     0  1.0M   0% /run/credentials/systemd-journald.service
tmpfs           1.0M     0  1.0M   0% /run/credentials/systemd-resolved.service
tmpfs           1.7G  5.2M  1.7G   1% /tmp
tmpfs           341M  152K  341M   1% /run/user/1000
tmpfs           341M   76K  341M   1% /run/user/1003

===== System Snapshot: 2025-10-17 01:15:02 =====
--- Uptime ---
 01:15:02 up  1:42,  4 users,  load average: 0.80, 0.91, 0.83

--- Memory (free -h) ---
               total        used        free      shared  buff/cache   available
Mem:           3.3Gi       2.0Gi       110Mi        43Mi       958Mi       1.3Gi
Swap:          3.8Gi       258Mi       3.6Gi

--- Disk usage (df -h) ---
Filesystem      Size  Used Avail Use% Mounted on
tmpfs           341M  1.9M  339M   1% /run
/dev/sda2        25G   11G   13G  45% /
tmpfs           1.7G     0  1.7G   0% /dev/shm
tmpfs           5.0M  8.0K  5.0M   1% /run/lock
tmpfs           1.0M     0  1.0M   0% /run/credentials/systemd-journald.service
tmpfs           1.0M     0  1.0M   0% /run/credentials/systemd-resolved.service
tmpfs           1.7G  5.2M  1.7G   1% /tmp
tmpfs           341M  152K  341M   1% /run/user/1000
tmpfs           341M   76K  341M   1% /run/user/1003

===== System Snapshot: 2025-10-17 01:16:01 =====
--- Uptime ---
 01:16:01 up  1:43,  4 users,  load average: 0.43, 0.80, 0.80

--- Memory (free -h) ---
               total        used        free      shared  buff/cache   available
Mem:           3.3Gi       2.0Gi       135Mi        43Mi       960Mi       1.3Gi
Swap:          3.8Gi       258Mi       3.6Gi

--- Disk usage (df -h) ---
Filesystem      Size  Used Avail Use% Mounted on
tmpfs           341M  1.9M  339M   1% /run
/dev/sda2        25G   11G   13G  45% /
tmpfs           1.7G     0  1.7G   0% /dev/shm
tmpfs           5.0M  8.0K  5.0M   1% /run/lock
tmpfs           1.0M     0  1.0M   0% /run/credentials/systemd-journald.service
tmpfs           1.0M     0  1.0M   0% /run/credentials/systemd-resolved.service
tmpfs           1.7G  5.2M  1.7G   1% /tmp
tmpfs           341M  152K  341M   1% /run/user/1000
tmpfs           341M   76K  341M   1% /run/user/1003

===== System Snapshot: 2025-10-17 01:17:01 =====
--- Uptime ---
 01:17:01 up  1:44,  4 users,  load average: 0.16, 0.65, 0.75

--- Memory (free -h) ---
               total        used        free      shared  buff/cache   available
Mem:           3.3Gi       2.0Gi       126Mi        42Mi       959Mi       1.3Gi
Swap:          3.8Gi       258Mi       3.6Gi

--- Disk usage (df -h) ---
Filesystem      Size  Used Avail Use% Mounted on
tmpfs           341M  1.9M  339M   1% /run
/dev/sda2        25G   11G   13G  45% /
tmpfs           1.7G     0  1.7G   0% /dev/shm
tmpfs           5.0M  8.0K  5.0M   1% /run/lock
tmpfs           1.0M     0  1.0M   0% /run/credentials/systemd-journald.service
tmpfs           1.0M     0  1.0M   0% /run/credentials/systemd-resolved.service
tmpfs           1.7G  5.2M  1.7G   1% /tmp
tmpfs           341M  152K  341M   1% /run/user/1000
tmpfs           341M   76K  341M   1% /run/user/1003

===== System Snapshot: 2025-10-17 01:18:01 =====
--- Uptime ---
 01:18:01 up  1:45,  4 users,  load average: 0.70, 0.72, 0.77

--- Memory (free -h) ---
               total        used        free      shared  buff/cache   available
Mem:           3.3Gi       2.0Gi       113Mi        42Mi       961Mi       1.3Gi
Swap:          3.8Gi       258Mi       3.6Gi

--- Disk usage (df -h) ---
Filesystem      Size  Used Avail Use% Mounted on
tmpfs           341M  1.9M  339M   1% /run
/dev/sda2        25G   11G   13G  45% /
tmpfs           1.7G     0  1.7G   0% /dev/shm
tmpfs           5.0M  8.0K  5.0M   1% /run/lock
tmpfs           1.0M     0  1.0M   0% /run/credentials/systemd-journald.service
tmpfs           1.0M     0  1.0M   0% /run/credentials/systemd-resolved.service
tmpfs           1.7G  5.2M  1.7G   1% /tmp
tmpfs           341M  152K  341M   1% /run/user/1000
tmpfs           341M   76K  341M   1% /run/user/1003

===== System Snapshot: 2025-10-17 01:19:01 =====
--- Uptime ---
 01:19:01 up  1:46,  4 users,  load average: 0.89, 0.79, 0.78

--- Memory (free -h) ---
               total        used        free      shared  buff/cache   available
Mem:           3.3Gi       2.0Gi       104Mi        42Mi       981Mi       1.3Gi
Swap:          3.8Gi       258Mi       3.6Gi

--- Disk usage (df -h) ---
Filesystem      Size  Used Avail Use% Mounted on
tmpfs           341M  1.9M  339M   1% /run
/dev/sda2        25G   11G   13G  45% /
tmpfs           1.7G     0  1.7G   0% /dev/shm
tmpfs           5.0M  8.0K  5.0M   1% /run/lock
tmpfs           1.0M     0  1.0M   0% /run/credentials/systemd-journald.service
tmpfs           1.0M     0  1.0M   0% /run/credentials/systemd-resolved.service
tmpfs           1.7G  5.2M  1.7G   1% /tmp
tmpfs           341M  152K  341M   1% /run/user/1000
tmpfs           341M   76K  341M   1% /run/user/1003

===== System Snapshot: 2025-10-17 01:20:01 =====
--- Uptime ---
 01:20:01 up  1:47,  4 users,  load average: 0.49, 0.70, 0.75

--- Memory (free -h) ---
               total        used        free      shared  buff/cache   available
Mem:           3.3Gi       2.0Gi       104Mi        42Mi       981Mi       1.3Gi
Swap:          3.8Gi       258Mi       3.6Gi

--- Disk usage (df -h) ---
Filesystem      Size  Used Avail Use% Mounted on
tmpfs           341M  1.9M  339M   1% /run
/dev/sda2        25G   11G   13G  45% /
tmpfs           1.7G     0  1.7G   0% /dev/shm
tmpfs           5.0M  8.0K  5.0M   1% /run/lock
tmpfs           1.0M     0  1.0M   0% /run/credentials/systemd-journald.service
tmpfs           1.0M     0  1.0M   0% /run/credentials/systemd-resolved.service
tmpfs           1.7G  5.2M  1.7G   1% /tmp
tmpfs           341M  152K  341M   1% /run/user/1000
tmpfs           341M   76K  341M   1% /run/user/1003

===== System Snapshot: 2025-10-17 01:21:01 =====
--- Uptime ---
 01:21:01 up  1:48,  4 users,  load average: 0.22, 0.58, 0.71

--- Memory (free -h) ---
               total        used        free      shared  buff/cache   available
Mem:           3.3Gi       2.0Gi       104Mi        42Mi       981Mi       1.3Gi
Swap:          3.8Gi       258Mi       3.6Gi

--- Disk usage (df -h) ---
Filesystem      Size  Used Avail Use% Mounted on
tmpfs           341M  1.9M  339M   1% /run
/dev/sda2        25G   11G   13G  45% /
tmpfs           1.7G     0  1.7G   0% /dev/shm
tmpfs           5.0M  8.0K  5.0M   1% /run/lock
tmpfs           1.0M     0  1.0M   0% /run/credentials/systemd-journald.service
tmpfs           1.0M     0  1.0M   0% /run/credentials/systemd-resolved.service
tmpfs           1.7G  5.2M  1.7G   1% /tmp
tmpfs           341M  148K  341M   1% /run/user/1000
tmpfs           341M   76K  341M   1% /run/user/1003

===== System Snapshot: 2025-10-17 01:22:01 =====
--- Uptime ---
 01:22:01 up  1:49,  4 users,  load average: 0.08, 0.48, 0.66

--- Memory (free -h) ---
               total        used        free      shared  buff/cache   available
Mem:           3.3Gi       2.0Gi       104Mi        42Mi       981Mi       1.3Gi
Swap:          3.8Gi       258Mi       3.6Gi

--- Disk usage (df -h) ---
Filesystem      Size  Used Avail Use% Mounted on
tmpfs           341M  1.9M  339M   1% /run
/dev/sda2        25G   11G   13G  45% /
tmpfs           1.7G     0  1.7G   0% /dev/shm
tmpfs           5.0M  8.0K  5.0M   1% /run/lock
tmpfs           1.0M     0  1.0M   0% /run/credentials/systemd-journald.service
tmpfs           1.0M     0  1.0M   0% /run/credentials/systemd-resolved.service
tmpfs           1.7G  5.2M  1.7G   1% /tmp
tmpfs           341M  148K  341M   1% /run/user/1000
tmpfs           341M   76K  341M   1% /run/user/1003

===== System Snapshot: 2025-10-17 01:23:01 =====
--- Uptime ---
 01:23:01 up  1:50,  4 users,  load average: 0.14, 0.42, 0.63

--- Memory (free -h) ---
               total        used        free      shared  buff/cache   available
Mem:           3.3Gi       2.0Gi       104Mi        42Mi       982Mi       1.3Gi
Swap:          3.8Gi       258Mi       3.6Gi

--- Disk usage (df -h) ---
Filesystem      Size  Used Avail Use% Mounted on
tmpfs           341M  1.9M  339M   1% /run
/dev/sda2        25G   11G   13G  45% /
tmpfs           1.7G     0  1.7G   0% /dev/shm
tmpfs           5.0M  8.0K  5.0M   1% /run/lock
tmpfs           1.0M     0  1.0M   0% /run/credentials/systemd-journald.service
tmpfs           1.0M     0  1.0M   0% /run/credentials/systemd-resolved.service
tmpfs           1.7G  5.2M  1.7G   1% /tmp
tmpfs           341M  148K  341M   1% /run/user/1000
tmpfs           341M   76K  341M   1% /run/user/1003

===== System Snapshot: 2025-10-17 01:24:01 =====
--- Uptime ---
 01:24:01 up  1:51,  4 users,  load average: 1.78, 0.73, 0.72

--- Memory (free -h) ---
               total        used        free      shared  buff/cache   available
Mem:           3.3Gi       2.0Gi       138Mi        41Mi       973Mi       1.3Gi
Swap:          3.8Gi       264Mi       3.6Gi

--- Disk usage (df -h) ---
Filesystem      Size  Used Avail Use% Mounted on
tmpfs           341M  1.9M  339M   1% /run
/dev/sda2        25G   11G   13G  45% /
tmpfs           1.7G     0  1.7G   0% /dev/shm
tmpfs           5.0M  8.0K  5.0M   1% /run/lock
tmpfs           1.0M     0  1.0M   0% /run/credentials/systemd-journald.service
tmpfs           1.0M     0  1.0M   0% /run/credentials/systemd-resolved.service
tmpfs           1.7G  5.2M  1.7G   1% /tmp
tmpfs           341M  148K  341M   1% /run/user/1000
tmpfs           341M   76K  341M   1% /run/user/1003

===== System Snapshot: 2025-10-17 01:25:01 =====
--- Uptime ---
 01:25:01 up  1:52,  4 users,  load average: 0.78, 0.65, 0.69

--- Memory (free -h) ---
               total        used        free      shared  buff/cache   available
Mem:           3.3Gi       2.0Gi       124Mi        41Mi       973Mi       1.3Gi
Swap:          3.8Gi       264Mi       3.6Gi

--- Disk usage (df -h) ---
Filesystem      Size  Used Avail Use% Mounted on
tmpfs           341M  1.9M  339M   1% /run
/dev/sda2        25G   11G   13G  45% /
tmpfs           1.7G     0  1.7G   0% /dev/shm
tmpfs           5.0M  8.0K  5.0M   1% /run/lock
tmpfs           1.0M     0  1.0M   0% /run/credentials/systemd-journald.service
tmpfs           1.0M     0  1.0M   0% /run/credentials/systemd-resolved.service
tmpfs           1.7G  5.2M  1.7G   1% /tmp
tmpfs           341M  148K  341M   1% /run/user/1000
tmpfs           341M   76K  341M   1% /run/user/1003

===== System Snapshot: 2025-10-17 01:26:01 =====
--- Uptime ---
 01:26:01 up  1:53,  4 users,  load average: 0.36, 0.55, 0.65

--- Memory (free -h) ---
               total        used        free      shared  buff/cache   available
Mem:           3.3Gi       2.0Gi       124Mi        41Mi       973Mi       1.3Gi
Swap:          3.8Gi       264Mi       3.6Gi

--- Disk usage (df -h) ---
Filesystem      Size  Used Avail Use% Mounted on
tmpfs           341M  1.9M  339M   1% /run
/dev/sda2        25G   11G   13G  45% /
tmpfs           1.7G     0  1.7G   0% /dev/shm
tmpfs           5.0M  8.0K  5.0M   1% /run/lock
tmpfs           1.0M     0  1.0M   0% /run/credentials/systemd-journald.service
tmpfs           1.0M     0  1.0M   0% /run/credentials/systemd-resolved.service
tmpfs           1.7G  5.2M  1.7G   1% /tmp
tmpfs           341M  148K  341M   1% /run/user/1000
tmpfs           341M   76K  341M   1% /run/user/1003

===== System Snapshot: 2025-10-17 01:27:30 =====
--- Uptime ---
 01:27:30 up  1:54,  4 users,  load average: 3.10, 1.25, 0.88

--- Memory (free -h) ---
               total        used        free      shared  buff/cache   available
Mem:           3.3Gi       2.2Gi       113Mi        38Mi       851Mi       1.1Gi
Swap:          3.8Gi       316Mi       3.5Gi

--- Disk usage (df -h) ---
Filesystem      Size  Used Avail Use% Mounted on
tmpfs           341M  1.9M  339M   1% /run
/dev/sda2        25G   11G   13G  45% /
tmpfs           1.7G     0  1.7G   0% /dev/shm
tmpfs           5.0M  8.0K  5.0M   1% /run/lock
tmpfs           1.0M     0  1.0M   0% /run/credentials/systemd-journald.service
tmpfs           1.0M     0  1.0M   0% /run/credentials/systemd-resolved.service
tmpfs           1.7G  5.2M  1.7G   1% /tmp
tmpfs           341M  148K  341M   1% /run/user/1000
tmpfs           341M   76K  341M   1% /run/user/1003

===== System Snapshot: 2025-10-17 01:28:01 =====
--- Uptime ---
 01:28:01 up  1:54,  4 users,  load average: 3.50, 1.56, 1.00

--- Memory (free -h) ---
               total        used        free      shared  buff/cache   available
Mem:           3.3Gi       2.3Gi       115Mi        38Mi       793Mi       1.0Gi
Swap:          3.8Gi       335Mi       3.5Gi

--- Disk usage (df -h) ---
Filesystem      Size  Used Avail Use% Mounted on
tmpfs           341M  1.9M  339M   1% /run
/dev/sda2        25G   11G   13G  45% /
tmpfs           1.7G     0  1.7G   0% /dev/shm
tmpfs           5.0M  8.0K  5.0M   1% /run/lock
tmpfs           1.0M     0  1.0M   0% /run/credentials/systemd-journald.service
tmpfs           1.0M     0  1.0M   0% /run/credentials/systemd-resolved.service
tmpfs           1.7G  5.2M  1.7G   1% /tmp
tmpfs           341M  148K  341M   1% /run/user/1000
tmpfs           341M   76K  341M   1% /run/user/1003

===== System Snapshot: 2025-10-17 01:29:01 =====
--- Uptime ---
 01:29:01 up  1:55,  4 users,  load average: 3.14, 1.83, 1.13

--- Memory (free -h) ---
               total        used        free      shared  buff/cache   available
Mem:           3.3Gi       2.1Gi       222Mi        38Mi       840Mi       1.3Gi
Swap:          3.8Gi       335Mi       3.5Gi

--- Disk usage (df -h) ---
Filesystem      Size  Used Avail Use% Mounted on
tmpfs           341M  1.9M  339M   1% /run
/dev/sda2        25G   11G   13G  45% /
tmpfs           1.7G     0  1.7G   0% /dev/shm
tmpfs           5.0M  8.0K  5.0M   1% /run/lock
tmpfs           1.0M     0  1.0M   0% /run/credentials/systemd-journald.service
tmpfs           1.0M     0  1.0M   0% /run/credentials/systemd-resolved.service
tmpfs           1.7G  5.2M  1.7G   1% /tmp
tmpfs           341M  148K  341M   1% /run/user/1000
tmpfs           341M   76K  341M   1% /run/user/1003

===== System Snapshot: 2025-10-17 01:30:01 =====
--- Uptime ---
 01:30:01 up  1:56,  4 users,  load average: 2.32, 1.89, 1.20

--- Memory (free -h) ---
               total        used        free      shared  buff/cache   available
Mem:           3.3Gi       2.1Gi       211Mi        37Mi       841Mi       1.3Gi
Swap:          3.8Gi       335Mi       3.5Gi

--- Disk usage (df -h) ---
Filesystem      Size  Used Avail Use% Mounted on
tmpfs           341M  1.9M  339M   1% /run
/dev/sda2        25G   11G   13G  45% /
tmpfs           1.7G     0  1.7G   0% /dev/shm
tmpfs           5.0M  8.0K  5.0M   1% /run/lock
tmpfs           1.0M     0  1.0M   0% /run/credentials/systemd-journald.service
tmpfs           1.0M     0  1.0M   0% /run/credentials/systemd-resolved.service
tmpfs           1.7G  5.2M  1.7G   1% /tmp
tmpfs           341M  148K  341M   1% /run/user/1000
tmpfs           341M   76K  341M   1% /run/user/1003

===== System Snapshot: 2025-10-17 01:31:02 =====
--- Uptime ---
 01:31:02 up  1:57,  4 users,  load average: 2.56, 1.99, 1.27

--- Memory (free -h) ---
               total        used        free      shared  buff/cache   available
Mem:           3.3Gi       2.1Gi       224Mi        37Mi       843Mi       1.3Gi
Swap:          3.8Gi       335Mi       3.5Gi

--- Disk usage (df -h) ---
Filesystem      Size  Used Avail Use% Mounted on
tmpfs           341M  1.9M  339M   1% /run
/dev/sda2        25G   11G   13G  45% /
tmpfs           1.7G     0  1.7G   0% /dev/shm
tmpfs           5.0M  8.0K  5.0M   1% /run/lock
tmpfs           1.0M     0  1.0M   0% /run/credentials/systemd-journald.service
tmpfs           1.0M     0  1.0M   0% /run/credentials/systemd-resolved.service
tmpfs           1.7G  5.2M  1.7G   1% /tmp
tmpfs           341M  148K  341M   1% /run/user/1000
tmpfs           341M   76K  341M   1% /run/user/1003

===== System Snapshot: 2025-10-17 01:32:01 =====
--- Uptime ---
 01:32:01 up  1:58,  4 users,  load average: 1.34, 1.72, 1.22

--- Memory (free -h) ---
               total        used        free      shared  buff/cache   available
Mem:           3.3Gi       2.0Gi       224Mi        37Mi       843Mi       1.3Gi
Swap:          3.8Gi       335Mi       3.5Gi

--- Disk usage (df -h) ---
Filesystem      Size  Used Avail Use% Mounted on
tmpfs           341M  1.9M  339M   1% /run
/dev/sda2        25G   11G   13G  45% /
tmpfs           1.7G     0  1.7G   0% /dev/shm
tmpfs           5.0M  8.0K  5.0M   1% /run/lock
tmpfs           1.0M     0  1.0M   0% /run/credentials/systemd-journald.service
tmpfs           1.0M     0  1.0M   0% /run/credentials/systemd-resolved.service
tmpfs           1.7G  5.2M  1.7G   1% /tmp
tmpfs           341M  148K  341M   1% /run/user/1000
tmpfs           341M   76K  341M   1% /run/user/1003

===== System Snapshot: 2025-10-17 01:33:01 =====
--- Uptime ---
 01:33:01 up  1:59,  4 users,  load average: 1.38, 1.60, 1.20

--- Memory (free -h) ---
               total        used        free      shared  buff/cache   available
Mem:           3.3Gi       2.0Gi       224Mi        37Mi       844Mi       1.3Gi
Swap:          3.8Gi       335Mi       3.5Gi

--- Disk usage (df -h) ---
Filesystem      Size  Used Avail Use% Mounted on
tmpfs           341M  1.9M  339M   1% /run
/dev/sda2        25G   11G   13G  45% /
tmpfs           1.7G     0  1.7G   0% /dev/shm
tmpfs           5.0M  8.0K  5.0M   1% /run/lock
tmpfs           1.0M     0  1.0M   0% /run/credentials/systemd-journald.service
tmpfs           1.0M     0  1.0M   0% /run/credentials/systemd-resolved.service
tmpfs           1.7G  5.2M  1.7G   1% /tmp
tmpfs           341M  148K  341M   1% /run/user/1000
tmpfs           341M   76K  341M   1% /run/user/1003

===== System Snapshot: 2025-10-17 01:34:01 =====
--- Uptime ---
 01:34:01 up  2:00,  4 users,  load average: 1.02, 1.48, 1.19

--- Memory (free -h) ---
               total        used        free      shared  buff/cache   available
Mem:           3.3Gi       2.0Gi       224Mi        37Mi       844Mi       1.3Gi
Swap:          3.8Gi       335Mi       3.5Gi

--- Disk usage (df -h) ---
Filesystem      Size  Used Avail Use% Mounted on
tmpfs           341M  1.9M  339M   1% /run
/dev/sda2        25G   11G   13G  45% /
tmpfs           1.7G     0  1.7G   0% /dev/shm
tmpfs           5.0M  8.0K  5.0M   1% /run/lock
tmpfs           1.0M     0  1.0M   0% /run/credentials/systemd-journald.service
tmpfs           1.0M     0  1.0M   0% /run/credentials/systemd-resolved.service
tmpfs           1.7G  5.2M  1.7G   1% /tmp
tmpfs           341M  148K  341M   1% /run/user/1000
tmpfs           341M   76K  341M   1% /run/user/1003

===== System Snapshot: 2025-10-17 01:35:01 =====
--- Uptime ---
 01:35:01 up  2:01,  4 users,  load average: 0.66, 1.26, 1.12

--- Memory (free -h) ---
               total        used        free      shared  buff/cache   available
Mem:           3.3Gi       2.0Gi       224Mi        37Mi       844Mi       1.3Gi
Swap:          3.8Gi       335Mi       3.5Gi

--- Disk usage (df -h) ---
Filesystem      Size  Used Avail Use% Mounted on
tmpfs           341M  1.9M  339M   1% /run
/dev/sda2        25G   11G   13G  45% /
tmpfs           1.7G     0  1.7G   0% /dev/shm
tmpfs           5.0M  8.0K  5.0M   1% /run/lock
tmpfs           1.0M     0  1.0M   0% /run/credentials/systemd-journald.service
tmpfs           1.0M     0  1.0M   0% /run/credentials/systemd-resolved.service
tmpfs           1.7G  5.2M  1.7G   1% /tmp
tmpfs           341M  148K  341M   1% /run/user/1000
tmpfs           341M   76K  341M   1% /run/user/1003

===== System Snapshot: 2025-10-17 01:36:01 =====
--- Uptime ---
 01:36:01 up  2:02,  4 users,  load average: 0.24, 1.02, 1.05

--- Memory (free -h) ---
               total        used        free      shared  buff/cache   available
Mem:           3.3Gi       2.0Gi       227Mi        37Mi       844Mi       1.3Gi
Swap:          3.8Gi       335Mi       3.5Gi

--- Disk usage (df -h) ---
Filesystem      Size  Used Avail Use% Mounted on
tmpfs           341M  1.9M  339M   1% /run
/dev/sda2        25G   11G   13G  45% /
tmpfs           1.7G     0  1.7G   0% /dev/shm
tmpfs           5.0M  8.0K  5.0M   1% /run/lock
tmpfs           1.0M     0  1.0M   0% /run/credentials/systemd-journald.service
tmpfs           1.0M     0  1.0M   0% /run/credentials/systemd-resolved.service
tmpfs           1.7G  5.2M  1.7G   1% /tmp
tmpfs           341M  148K  341M   1% /run/user/1000
tmpfs           341M   76K  341M   1% /run/user/1003

===== System Snapshot: 2025-10-17 01:37:01 =====
--- Uptime ---
 01:37:01 up  2:03,  4 users,  load average: 0.16, 0.85, 0.99

--- Memory (free -h) ---
               total        used        free      shared  buff/cache   available
Mem:           3.3Gi       2.1Gi       189Mi        37Mi       855Mi       1.3Gi
Swap:          3.8Gi       335Mi       3.5Gi

--- Disk usage (df -h) ---
Filesystem      Size  Used Avail Use% Mounted on
tmpfs           341M  1.9M  339M   1% /run
/dev/sda2        25G   11G   13G  45% /
tmpfs           1.7G     0  1.7G   0% /dev/shm
tmpfs           5.0M  8.0K  5.0M   1% /run/lock
tmpfs           1.0M     0  1.0M   0% /run/credentials/systemd-journald.service
tmpfs           1.0M     0  1.0M   0% /run/credentials/systemd-resolved.service
tmpfs           1.7G  5.2M  1.7G   1% /tmp
tmpfs           341M  148K  341M   1% /run/user/1000
tmpfs           341M   76K  341M   1% /run/user/1003

===== System Snapshot: 2025-10-17 01:38:01 =====
--- Uptime ---
 01:38:01 up  2:04,  4 users,  load average: 0.06, 0.69, 0.92

--- Memory (free -h) ---
               total        used        free      shared  buff/cache   available
Mem:           3.3Gi       2.1Gi       189Mi        37Mi       855Mi       1.3Gi
Swap:          3.8Gi       335Mi       3.5Gi

--- Disk usage (df -h) ---
Filesystem      Size  Used Avail Use% Mounted on
tmpfs           341M  1.9M  339M   1% /run
/dev/sda2        25G   11G   13G  45% /
tmpfs           1.7G     0  1.7G   0% /dev/shm
tmpfs           5.0M  8.0K  5.0M   1% /run/lock
tmpfs           1.0M     0  1.0M   0% /run/credentials/systemd-journald.service
tmpfs           1.0M     0  1.0M   0% /run/credentials/systemd-resolved.service
tmpfs           1.7G  5.2M  1.7G   1% /tmp
tmpfs           341M  148K  341M   1% /run/user/1000
tmpfs           341M   76K  341M   1% /run/user/1003

===== System Snapshot: 2025-10-17 01:39:01 =====
--- Uptime ---
 01:39:01 up  2:05,  4 users,  load average: 0.86, 0.81, 0.95

--- Memory (free -h) ---
               total        used        free      shared  buff/cache   available
Mem:           3.3Gi       2.0Gi       220Mi        24Mi       843Mi       1.3Gi
Swap:          3.8Gi       335Mi       3.5Gi

--- Disk usage (df -h) ---
Filesystem      Size  Used Avail Use% Mounted on
tmpfs           341M  1.9M  339M   1% /run
/dev/sda2        25G   11G   13G  45% /
tmpfs           1.7G     0  1.7G   0% /dev/shm
tmpfs           5.0M  8.0K  5.0M   1% /run/lock
tmpfs           1.0M     0  1.0M   0% /run/credentials/systemd-journald.service
tmpfs           1.0M     0  1.0M   0% /run/credentials/systemd-resolved.service
tmpfs           1.7G  5.2M  1.7G   1% /tmp
tmpfs           341M  152K  341M   1% /run/user/1000
tmpfs           341M   76K  341M   1% /run/user/1003

===== System Snapshot: 2025-10-17 01:40:01 =====
--- Uptime ---
 01:40:01 up  2:06,  4 users,  load average: 1.11, 0.87, 0.95

--- Memory (free -h) ---
               total        used        free      shared  buff/cache   available
Mem:           3.3Gi       2.0Gi       195Mi        33Mi       881Mi       1.3Gi
Swap:          3.8Gi       335Mi       3.5Gi

--- Disk usage (df -h) ---
Filesystem      Size  Used Avail Use% Mounted on
tmpfs           341M  1.9M  339M   1% /run
/dev/sda2        25G   11G   13G  45% /
tmpfs           1.7G     0  1.7G   0% /dev/shm
tmpfs           5.0M  8.0K  5.0M   1% /run/lock
tmpfs           1.0M     0  1.0M   0% /run/credentials/systemd-journald.service
tmpfs           1.0M     0  1.0M   0% /run/credentials/systemd-resolved.service
tmpfs           1.7G  5.2M  1.7G   1% /tmp
tmpfs           341M  156K  341M   1% /run/user/1000
tmpfs           341M   76K  341M   1% /run/user/1003

